app/audit/documents/policies/page.tsx(268,10): error TS17008: JSX element 'div' has no corresponding closing tag.
app/audit/documents/policies/page.tsx(373,14): error TS17008: JSX element 'div' has no corresponding closing tag.
app/audit/documents/policies/page.tsx(374,18): error TS17008: JSX element 'div' has no corresponding closing tag.
app/audit/documents/policies/page.tsx(375,22): error TS17008: JSX element 'table' has no corresponding closing tag.
app/audit/documents/policies/page.tsx(445,49): error TS1382: Unexpected token. Did you mean `{'>'}` or `&gt;`?
app/audit/documents/policies/page.tsx(446,9): error TS1109: Expression expected.
app/audit/documents/policies/page.tsx(447,13): error TS1109: Expression expected.
app/audit/documents/policies/page.tsx(453,9): error TS1381: Unexpected token. Did you mean `{'}'}` or `&rbrace;`?
app/audit/documents/policies/page.tsx(454,5): error TS1381: Unexpected token. Did you mean `{'}'}` or `&rbrace;`?
app/audit/documents/policies/page.tsx(456,55): error TS1382: Unexpected token. Did you mean `{'>'}` or `&gt;`?
app/audit/documents/policies/page.tsx(457,9): error TS1109: Expression expected.
app/audit/documents/policies/page.tsx(459,22): error TS1003: Identifier expected.
app/audit/documents/policies/page.tsx(459,35): error TS1382: Unexpected token. Did you mean `{'>'}` or `&gt;`?
app/audit/documents/policies/page.tsx(460,5): error TS1381: Unexpected token. Did you mean `{'}'}` or `&rbrace;`?
app/audit/documents/policies/page.tsx(463,9): error TS1109: Expression expected.
app/audit/documents/policies/page.tsx(468,5): error TS1381: Unexpected token. Did you mean `{'}'}` or `&rbrace;`?
app/audit/documents/policies/page.tsx(471,10): error TS17008: JSX element 'div' has no corresponding closing tag.
app/audit/documents/policies/page.tsx(576,14): error TS17008: JSX element 'div' has no corresponding closing tag.
app/audit/documents/policies/page.tsx(577,18): error TS17008: JSX element 'div' has no corresponding closing tag.
app/audit/documents/policies/page.tsx(578,22): error TS17008: JSX element 'table' has no corresponding closing tag.
app/audit/documents/policies/page.tsx(590,26): error TS17008: JSX element 'tbody' has no corresponding closing tag.
app/audit/documents/policies/page.tsx(634,23): error TS17002: Expected corresponding JSX closing tag for 'Tooltip'.
app/audit/documents/policies/page.tsx(636,15): error TS17002: Expected corresponding JSX closing tag for 'td'.
app/audit/documents/policies/page.tsx(860,11): error TS17002: Expected corresponding JSX closing tag for 'tr'.
app/audit/documents/policies/page.tsx(861,6): error TS1005: ')' expected.
app/audit/documents/policies/page.tsx(862,1): error TS1381: Unexpected token. Did you mean `{'}'}` or `&rbrace;`?
app/audit/documents/policies/page.tsx(863,1): error TS1005: '</' expected.
