app/audit/audits/[id]/page.tsx(524,23): error TS1005: '}' expected.
app/audit/audits/[id]/page.tsx(529,1): error TS1381: Unexpected token. Did you mean `{'}'}` or `&rbrace;`?
app/audit/audits/[id]/page.tsx(532,23): error TS1005: '}' expected.
app/audit/audits/[id]/page.tsx(540,1): error TS1381: Unexpected token. Did you mean `{'}'}` or `&rbrace;`?
app/audit/audits/[id]/page.tsx(543,23): error TS1005: '}' expected.
app/audit/audits/[id]/page.tsx(550,1): error TS1381: Unexpected token. Did you mean `{'}'}` or `&rbrace;`?
app/audit/audits/[id]/page.tsx(553,23): error TS1005: '}' expected.
app/audit/audits/[id]/page.tsx(559,1): error TS1381: Unexpected token. Did you mean `{'}'}` or `&rbrace;`?
app/audit/audits/[id]/page.tsx(565,23): error TS1005: '}' expected.
app/audit/audits/[id]/page.tsx(565,175): error TS1381: Unexpected token. Did you mean `{'}'}` or `&rbrace;`?
app/audit/audits/[id]/page.tsx(566,23): error TS1005: '}' expected.
app/audit/audits/[id]/page.tsx(566,170): error TS1381: Unexpected token. Did you mean `{'}'}` or `&rbrace;`?
app/audit/audits/[id]/page.tsx(567,23): error TS1005: '}' expected.
app/audit/audits/[id]/page.tsx(567,175): error TS1381: Unexpected token. Did you mean `{'}'}` or `&rbrace;`?
app/audit/audits/[id]/page.tsx(568,23): error TS1005: '}' expected.
app/audit/audits/[id]/page.tsx(568,182): error TS1381: Unexpected token. Did you mean `{'}'}` or `&rbrace;`?
app/audit/audits/[id]/page.tsx(569,23): error TS1005: '}' expected.
app/audit/audits/[id]/page.tsx(569,160): error TS1381: Unexpected token. Did you mean `{'}'}` or `&rbrace;`?
app/audit/audits/[id]/page.tsx(570,23): error TS1005: '}' expected.
app/audit/audits/[id]/page.tsx(570,167): error TS1381: Unexpected token. Did you mean `{'}'}` or `&rbrace;`?
app/audit/audits/[id]/page.tsx(571,23): error TS1005: '}' expected.
app/audit/audits/[id]/page.tsx(571,168): error TS1381: Unexpected token. Did you mean `{'}'}` or `&rbrace;`?
app/audit/audits/[id]/page.tsx(574,74): error TS1005: '}' expected.
app/audit/audits/[id]/page.tsx(574,79): error TS1005: '}' expected.
app/audit/audits/[id]/page.tsx(574,88): error TS1381: Unexpected token. Did you mean `{'}'}` or `&rbrace;`?
app/audit/audits/[id]/page.tsx(574,90): error TS1381: Unexpected token. Did you mean `{'}'}` or `&rbrace;`?
app/audit/audits/[id]/page.tsx(575,5): error TS1109: Expression expected.
app/audit/audits/[id]/page.tsx(591,80): error TS1003: Identifier expected.
app/audit/audits/[id]/page.tsx(591,82): error TS1382: Unexpected token. Did you mean `{'>'}` or `&gt;`?
app/audit/audits/[id]/page.tsx(594,72): error TS17008: JSX element 'any' has no corresponding closing tag.
app/audit/audits/[id]/page.tsx(601,70): error TS1003: Identifier expected.
app/audit/audits/[id]/page.tsx(602,9): error TS1005: '...' expected.
app/audit/audits/[id]/page.tsx(602,15): error TS1005: '}' expected.
app/audit/audits/[id]/page.tsx(607,5): error TS1381: Unexpected token. Did you mean `{'}'}` or `&rbrace;`?
app/audit/audits/[id]/page.tsx(607,6): error TS1382: Unexpected token. Did you mean `{'>'}` or `&gt;`?
app/audit/audits/[id]/page.tsx(607,15): error TS1005: '}' expected.
app/audit/audits/[id]/page.tsx(607,71): error TS1381: Unexpected token. Did you mean `{'}'}` or `&rbrace;`?
app/audit/audits/[id]/page.tsx(611,73): error TS1003: Identifier expected.
app/audit/audits/[id]/page.tsx(611,75): error TS1382: Unexpected token. Did you mean `{'>'}` or `&gt;`?
app/audit/audits/[id]/page.tsx(612,68): error TS1003: Identifier expected.
app/audit/audits/[id]/page.tsx(612,70): error TS1382: Unexpected token. Did you mean `{'>'}` or `&gt;`?
app/audit/audits/[id]/page.tsx(613,79): error TS1003: Identifier expected.
app/audit/audits/[id]/page.tsx(613,81): error TS1382: Unexpected token. Did you mean `{'>'}` or `&gt;`?
app/audit/audits/[id]/page.tsx(614,82): error TS1003: Identifier expected.
app/audit/audits/[id]/page.tsx(614,84): error TS1382: Unexpected token. Did you mean `{'>'}` or `&gt;`?
app/audit/audits/[id]/page.tsx(615,76): error TS1003: Identifier expected.
app/audit/audits/[id]/page.tsx(615,78): error TS1382: Unexpected token. Did you mean `{'>'}` or `&gt;`?
app/audit/audits/[id]/page.tsx(618,76): error TS1003: Identifier expected.
app/audit/audits/[id]/page.tsx(618,78): error TS1382: Unexpected token. Did you mean `{'>'}` or `&gt;`?
app/audit/audits/[id]/page.tsx(622,85): error TS1003: Identifier expected.
app/audit/audits/[id]/page.tsx(622,91): error TS1382: Unexpected token. Did you mean `{'>'}` or `&gt;`?
app/audit/audits/[id]/page.tsx(623,81): error TS1005: '}' expected.
app/audit/audits/[id]/page.tsx(623,130): error TS1381: Unexpected token. Did you mean `{'}'}` or `&rbrace;`?
app/audit/audits/[id]/page.tsx(630,79): error TS1003: Identifier expected.
app/audit/audits/[id]/page.tsx(630,85): error TS1382: Unexpected token. Did you mean `{'>'}` or `&gt;`?
app/audit/audits/[id]/page.tsx(634,23): error TS17002: Expected corresponding JSX closing tag for 'any'.
app/audit/audits/[id]/page.tsx(666,11): error TS17015: Expected corresponding closing tag for JSX fragment.
app/audit/audits/[id]/page.tsx(667,17): error TS1109: Expression expected.
app/audit/audits/[id]/page.tsx(668,13): error TS1109: Expression expected.
app/audit/audits/[id]/page.tsx(913,50): error TS17008: JSX element 'Tooltip' has no corresponding closing tag.
app/audit/audits/[id]/page.tsx(1257,13): error TS2657: JSX expressions must have one parent element.
app/audit/audits/[id]/page.tsx(1276,9): error TS1128: Declaration or statement expected.
app/audit/audits/[id]/page.tsx(1276,11): error TS1109: Expression expected.
app/audit/audits/[id]/page.tsx(1277,5): error TS1109: Expression expected.
app/audit/audits/[id]/page.tsx(1278,1): error TS1128: Declaration or statement expected.
app/audit/findings/[id]/page.tsx(547,35): error TS17015: Expected corresponding closing tag for JSX fragment.
app/audit/findings/[id]/page.tsx(547,42): error TS1382: Unexpected token. Did you mean `{'>'}` or `&gt;`?
app/audit/findings/[id]/page.tsx(553,31): error TS1003: Identifier expected.
app/audit/findings/[id]/page.tsx(554,26): error TS1381: Unexpected token. Did you mean `{'}'}` or `&rbrace;`?
app/audit/findings/[id]/page.tsx(634,26): error TS17008: JSX element 'Tooltip' has no corresponding closing tag.
app/audit/findings/[id]/page.tsx(762,15): error TS17015: Expected corresponding closing tag for JSX fragment.
app/audit/findings/[id]/page.tsx(977,9): error TS1128: Declaration or statement expected.
app/audit/findings/[id]/page.tsx(977,11): error TS1109: Expression expected.
app/audit/findings/[id]/page.tsx(978,5): error TS1109: Expression expected.
app/audit/quality/page.tsx(362,25): error TS2657: JSX expressions must have one parent element.
app/audit/quality/page.tsx(379,43): error TS17002: Expected corresponding JSX closing tag for 'div'.
app/audit/quality/page.tsx(411,25): error TS1005: ')' expected.
app/audit/quality/page.tsx(412,23): error TS1381: Unexpected token. Did you mean `{'}'}` or `&rbrace;`?
app/audit/quality/page.tsx(416,13): error TS1005: ')' expected.
app/audit/quality/page.tsx(489,46): error TS17008: JSX element 'Tooltip' has no corresponding closing tag.
app/audit/quality/page.tsx(718,9): error TS1128: Declaration or statement expected.
app/audit/quality/page.tsx(719,5): error TS1109: Expression expected.
app/audit/sampling/page.tsx(396,47): error TS17002: Expected corresponding JSX closing tag for 'div'.
app/audit/sampling/page.tsx(405,43): error TS17002: Expected corresponding JSX closing tag for 'td'.
app/audit/sampling/page.tsx(406,39): error TS17002: Expected corresponding JSX closing tag for 'tr'.
app/audit/sampling/page.tsx(407,33): error TS1005: ')' expected.
app/audit/sampling/page.tsx(407,35): error TS17002: Expected corresponding JSX closing tag for 'tbody'.
app/audit/sampling/page.tsx(408,31): error TS1381: Unexpected token. Did you mean `{'}'}` or `&rbrace;`?
app/audit/sampling/page.tsx(409,27): error TS17002: Expected corresponding JSX closing tag for 'table'.
app/audit/sampling/page.tsx(410,23): error TS17002: Expected corresponding JSX closing tag for 'div'.
app/audit/sampling/page.tsx(420,13): error TS1005: ')' expected.
app/audit/sampling/page.tsx(742,42): error TS17008: JSX element 'Tooltip' has no corresponding closing tag.
app/audit/sampling/page.tsx(807,9): error TS1128: Declaration or statement expected.
app/audit/sampling/page.tsx(808,5): error TS1109: Expression expected.
app/audit/staff/page.tsx(1009,33): error TS2657: JSX expressions must have one parent element.
app/audit/staff/page.tsx(1028,39): error TS17002: Expected corresponding JSX closing tag for 'div'.
app/audit/staff/page.tsx(1037,33): error TS1005: ')' expected.
app/audit/staff/page.tsx(1039,25): error TS1381: Unexpected token. Did you mean `{'}'}` or `&rbrace;`?
app/audit/staff/page.tsx(1040,22): error TS1381: Unexpected token. Did you mean `{'}'}` or `&rbrace;`?
app/audit/staff/page.tsx(1050,18): error TS1382: Unexpected token. Did you mean `{'>'}` or `&gt;`?
app/audit/staff/page.tsx(1051,15): error TS17015: Expected corresponding closing tag for JSX fragment.
app/audit/staff/page.tsx(1051,18): error TS1005: ',' expected.
app/audit/staff/page.tsx(1056,26): error TS1136: Property assignment expected.
app/audit/staff/page.tsx(1056,29): error TS1005: ';' expected.
app/audit/staff/page.tsx(1058,24): error TS1136: Property assignment expected.
app/audit/staff/page.tsx(1071,18): error TS1128: Declaration or statement expected.
app/audit/staff/page.tsx(1073,25): error TS1136: Property assignment expected.
app/audit/staff/page.tsx(1073,26): error TS1005: ';' expected.
app/audit/staff/page.tsx(1084,18): error TS1128: Declaration or statement expected.
app/audit/staff/page.tsx(1085,13): error TS1109: Expression expected.
app/audit/staff/page.tsx(1086,17): error TS2657: JSX expressions must have one parent element.
app/audit/staff/page.tsx(1677,58): error TS17008: JSX element 'Tooltip' has no corresponding closing tag.
app/audit/staff/page.tsx(1696,13): error TS1128: Declaration or statement expected.
app/audit/staff/page.tsx(1701,26): error TS1136: Property assignment expected.
app/audit/staff/page.tsx(1701,29): error TS1005: ';' expected.
app/audit/staff/page.tsx(1702,17): error TS1128: Declaration or statement expected.
app/audit/staff/page.tsx(1705,25): error TS1136: Property assignment expected.
app/audit/staff/page.tsx(1709,18): error TS1128: Declaration or statement expected.
app/audit/staff/page.tsx(1710,13): error TS1109: Expression expected.
app/audit/staff/page.tsx(1799,13): error TS1128: Declaration or statement expected.
app/audit/staff/page.tsx(1804,26): error TS1136: Property assignment expected.
app/audit/staff/page.tsx(1804,29): error TS1005: ';' expected.
app/audit/staff/page.tsx(1804,63): error TS1128: Declaration or statement expected.
app/audit/staff/page.tsx(1805,44): error TS1005: ',' expected.
app/audit/staff/page.tsx(1807,25): error TS1136: Property assignment expected.
app/audit/staff/page.tsx(1811,18): error TS1128: Declaration or statement expected.
app/audit/staff/page.tsx(1812,13): error TS1109: Expression expected.
app/audit/staff/page.tsx(1903,13): error TS1128: Declaration or statement expected.
app/audit/staff/page.tsx(1908,26): error TS1136: Property assignment expected.
app/audit/staff/page.tsx(1908,29): error TS1005: ';' expected.
app/audit/staff/page.tsx(1908,62): error TS1128: Declaration or statement expected.
app/audit/staff/page.tsx(1909,43): error TS1005: ',' expected.
app/audit/staff/page.tsx(1911,25): error TS1136: Property assignment expected.
app/audit/staff/page.tsx(1915,18): error TS1128: Declaration or statement expected.
app/audit/staff/page.tsx(1916,13): error TS1109: Expression expected.
app/audit/staff/page.tsx(1951,13): error TS1128: Declaration or statement expected.
app/audit/staff/page.tsx(1956,26): error TS1136: Property assignment expected.
app/audit/staff/page.tsx(1956,29): error TS1005: ';' expected.
app/audit/staff/page.tsx(1956,61): error TS1128: Declaration or statement expected.
app/audit/staff/page.tsx(1957,42): error TS1005: ',' expected.
app/audit/staff/page.tsx(1959,25): error TS1136: Property assignment expected.
app/audit/staff/page.tsx(1963,18): error TS1128: Declaration or statement expected.
app/audit/staff/page.tsx(1964,13): error TS1109: Expression expected.
app/audit/staff/page.tsx(2008,13): error TS1128: Declaration or statement expected.
app/audit/staff/page.tsx(2013,26): error TS1136: Property assignment expected.
app/audit/staff/page.tsx(2013,29): error TS1005: ';' expected.
app/audit/staff/page.tsx(2013,65): error TS1128: Declaration or statement expected.
app/audit/staff/page.tsx(2016,25): error TS1136: Property assignment expected.
app/audit/staff/page.tsx(2020,18): error TS1128: Declaration or statement expected.
app/audit/staff/page.tsx(2021,13): error TS1109: Expression expected.
app/audit/staff/page.tsx(2072,13): error TS1128: Declaration or statement expected.
app/audit/staff/page.tsx(2076,25): error TS1136: Property assignment expected.
app/audit/staff/page.tsx(2076,27): error TS1005: ';' expected.
app/audit/staff/page.tsx(2076,42): error TS1128: Declaration or statement expected.
app/audit/staff/page.tsx(2077,26): error TS1136: Property assignment expected.
app/audit/staff/page.tsx(2077,29): error TS1005: ';' expected.
app/audit/staff/page.tsx(2077,56): error TS1128: Declaration or statement expected.
app/audit/staff/page.tsx(2083,14): error TS1109: Expression expected.
app/audit/staff/page.tsx(2085,13): error TS2657: JSX expressions must have one parent element.
app/audit/staff/page.tsx(2147,9): error TS1128: Declaration or statement expected.
app/audit/staff/page.tsx(2147,11): error TS1109: Expression expected.
app/audit/staff/page.tsx(2148,5): error TS1109: Expression expected.
app/audit/staff/page.tsx(2150,1): error TS1128: Declaration or statement expected.
app/audit/universe/[unitId]/page.tsx(350,39): error TS17002: Expected corresponding JSX closing tag for 'div'.
app/audit/universe/[unitId]/page.tsx(370,29): error TS1005: ')' expected.
app/audit/universe/[unitId]/page.tsx(371,29): error TS1005: ',' expected.
app/audit/universe/[unitId]/page.tsx(371,46): error TS1005: ',' expected.
app/audit/universe/[unitId]/page.tsx(405,66): error TS17008: JSX element 'Tooltip' has no corresponding closing tag.
app/audit/universe/[unitId]/page.tsx(497,30): error TS1005: ',' expected.
app/audit/universe/[unitId]/page.tsx(501,17): error TS1381: Unexpected token. Did you mean `{'}'}` or `&rbrace;`?
app/audit/universe/[unitId]/page.tsx(504,13): error TS1005: ')' expected.
app/audit/universe/[unitId]/page.tsx(505,13): error TS2657: JSX expressions must have one parent element.
app/audit/universe/[unitId]/page.tsx(834,9): error TS1128: Declaration or statement expected.
app/audit/universe/[unitId]/page.tsx(835,5): error TS1109: Expression expected.
app/audit/universe/page.tsx(541,17): error TS2657: JSX expressions must have one parent element.
app/audit/universe/page.tsx(622,51): error TS17002: Expected corresponding JSX closing tag for 'div'.
app/audit/universe/page.tsx(632,47): error TS17002: Expected corresponding JSX closing tag for 'td'.
app/audit/universe/page.tsx(633,43): error TS17002: Expected corresponding JSX closing tag for 'tr'.
app/audit/universe/page.tsx(634,37): error TS1005: ')' expected.
app/audit/universe/page.tsx(634,39): error TS17002: Expected corresponding JSX closing tag for 'tbody'.
app/audit/universe/page.tsx(635,35): error TS1381: Unexpected token. Did you mean `{'}'}` or `&rbrace;`?
app/audit/universe/page.tsx(643,31): error TS17002: Expected corresponding JSX closing tag for 'table'.
app/audit/universe/page.tsx(644,27): error TS17002: Expected corresponding JSX closing tag for 'div'.
app/audit/universe/page.tsx(652,17): error TS1005: ')' expected.
app/audit/universe/page.tsx(653,15): error TS1005: ';' expected.
app/audit/universe/page.tsx(756,42): error TS17008: JSX element 'Tooltip' has no corresponding closing tag.
app/audit/universe/page.tsx(1139,9): error TS1128: Declaration or statement expected.
app/audit/universe/page.tsx(1140,5): error TS1109: Expression expected.
app/audit/universe/page.tsx(1141,1): error TS1128: Declaration or statement expected.
