app/audit/audits/[id]/page.tsx(1283,133): error TS1382: Unexpected token. Did you mean `{'>'}` or `&gt;`?
app/audit/audits/[id]/page.tsx(1285,63): error TS17002: Expected corresponding JSX closing tag for 'Tooltip'.
app/audit/audits/[id]/page.tsx(1286,3): error TS17002: Expected corresponding JSX closing tag for 'div'.
app/audit/audits/[id]/page.tsx(1287,59): error TS17002: Expected corresponding JSX closing tag for 'td'.
app/audit/audits/[id]/page.tsx(1288,55): error TS17002: Expected corresponding JSX closing tag for 'tr'.
app/audit/audits/[id]/page.tsx(1289,49): error TS1005: ')' expected.
app/audit/audits/[id]/page.tsx(1289,51): error TS17002: Expected corresponding JSX closing tag for 'tbody'.
app/audit/audits/[id]/page.tsx(1290,47): error TS1381: Unexpected token. Did you mean `{'}'}` or `&rbrace;`?
app/audit/audits/[id]/page.tsx(1291,43): error TS17002: Expected corresponding JSX closing tag for 'table'.
app/audit/audits/[id]/page.tsx(1292,39): error TS17002: Expected corresponding JSX closing tag for 'div'.
app/audit/audits/[id]/page.tsx(1293,33): error TS1005: ')' expected.
app/audit/audits/[id]/page.tsx(1297,17): error TS1381: Unexpected token. Did you mean `{'}'}` or `&rbrace;`?
app/audit/audits/[id]/page.tsx(1445,15): error TS17015: Expected corresponding closing tag for JSX fragment.
app/audit/audits/[id]/page.tsx(1450,26): error TS1136: Property assignment expected.
app/audit/audits/[id]/page.tsx(1450,29): error TS1005: ';' expected.
app/audit/audits/[id]/page.tsx(1454,47): error TS1005: ',' expected.
app/audit/audits/[id]/page.tsx(1456,14): error TS1109: Expression expected.
app/audit/audits/[id]/page.tsx(1461,26): error TS1136: Property assignment expected.
app/audit/audits/[id]/page.tsx(1461,29): error TS1005: ';' expected.
app/audit/audits/[id]/page.tsx(1461,62): error TS1128: Declaration or statement expected.
app/audit/audits/[id]/page.tsx(1463,14): error TS1109: Expression expected.
app/audit/audits/[id]/page.tsx(1627,13): error TS2657: JSX expressions must have one parent element.
app/audit/audits/[id]/page.tsx(1646,9): error TS1128: Declaration or statement expected.
app/audit/audits/[id]/page.tsx(1646,11): error TS1109: Expression expected.
app/audit/audits/[id]/page.tsx(1647,5): error TS1109: Expression expected.
app/audit/audits/[id]/page.tsx(1648,1): error TS1128: Declaration or statement expected.
app/audit/documents/policies/page.tsx(426,45): error TS1382: Unexpected token. Did you mean `{'>'}` or `&gt;`?
app/audit/documents/policies/page.tsx(428,47): error TS17002: Expected corresponding JSX closing tag for 'Tooltip'.
app/audit/documents/policies/page.tsx(429,3): error TS17002: Expected corresponding JSX closing tag for 'div'.
app/audit/documents/policies/page.tsx(435,45): error TS1382: Unexpected token. Did you mean `{'>'}` or `&gt;`?
app/audit/documents/policies/page.tsx(437,47): error TS17002: Expected corresponding JSX closing tag for 'Tooltip'.
app/audit/documents/policies/page.tsx(438,3): error TS17002: Expected corresponding JSX closing tag for 'td'.
app/audit/documents/policies/page.tsx(439,43): error TS17002: Expected corresponding JSX closing tag for 'tr'.
app/audit/documents/policies/page.tsx(440,37): error TS1005: ')' expected.
app/audit/documents/policies/page.tsx(440,39): error TS17002: Expected corresponding JSX closing tag for 'tbody'.
app/audit/documents/policies/page.tsx(441,35): error TS17002: Expected corresponding JSX closing tag for 'table'.
app/audit/documents/policies/page.tsx(442,31): error TS1381: Unexpected token. Did you mean `{'}'}` or `&rbrace;`?
app/audit/documents/policies/page.tsx(443,27): error TS17002: Expected corresponding JSX closing tag for 'div'.
app/audit/documents/policies/page.tsx(444,23): error TS17002: Expected corresponding JSX closing tag for 'div'.
app/audit/documents/policies/page.tsx(446,13): error TS1005: ')' expected.
app/audit/documents/policies/page.tsx(450,25): error TS1136: Property assignment expected.
app/audit/documents/policies/page.tsx(450,27): error TS1005: ';' expected.
app/audit/documents/policies/page.tsx(451,26): error TS1136: Property assignment expected.
app/audit/documents/policies/page.tsx(451,29): error TS1005: ';' expected.
app/audit/documents/policies/page.tsx(451,54): error TS1128: Declaration or statement expected.
app/audit/documents/policies/page.tsx(458,14): error TS1109: Expression expected.
app/audit/documents/policies/page.tsx(462,25): error TS1136: Property assignment expected.
app/audit/documents/policies/page.tsx(462,27): error TS1005: ';' expected.
app/audit/documents/policies/page.tsx(462,43): error TS1128: Declaration or statement expected.
app/audit/documents/policies/page.tsx(463,26): error TS1136: Property assignment expected.
app/audit/documents/policies/page.tsx(463,29): error TS1005: ';' expected.
app/audit/documents/policies/page.tsx(463,57): error TS1128: Declaration or statement expected.
app/audit/documents/policies/page.tsx(467,21): error TS1136: Property assignment expected.
app/audit/documents/policies/page.tsx(467,26): error TS1005: ';' expected.
app/audit/documents/policies/page.tsx(494,21): error TS1128: Declaration or statement expected.
app/audit/documents/policies/page.tsx(495,17): error TS1109: Expression expected.
app/audit/documents/policies/page.tsx(496,13): error TS1109: Expression expected.
app/audit/documents/policies/page.tsx(497,35): error TS1005: ',' expected.
app/audit/documents/policies/page.tsx(543,18): error TS1128: Declaration or statement expected.
app/audit/documents/policies/page.tsx(544,13): error TS1128: Declaration or statement expected.
app/audit/documents/policies/page.tsx(549,26): error TS1136: Property assignment expected.
app/audit/documents/policies/page.tsx(549,29): error TS1005: ';' expected.
app/audit/documents/policies/page.tsx(549,57): error TS1128: Declaration or statement expected.
app/audit/documents/policies/page.tsx(550,42): error TS1005: ',' expected.
app/audit/documents/policies/page.tsx(553,21): error TS1136: Property assignment expected.
app/audit/documents/policies/page.tsx(553,26): error TS1005: ';' expected.
app/audit/documents/policies/page.tsx(561,21): error TS1128: Declaration or statement expected.
app/audit/documents/policies/page.tsx(562,17): error TS1109: Expression expected.
app/audit/documents/policies/page.tsx(563,13): error TS1109: Expression expected.
app/audit/documents/policies/page.tsx(669,13): error TS1128: Declaration or statement expected.
app/audit/documents/policies/page.tsx(670,9): error TS1109: Expression expected.
app/audit/documents/policies/page.tsx(671,5): error TS1109: Expression expected.
app/audit/documents/policies/page.tsx(672,1): error TS1128: Declaration or statement expected.
app/audit/findings/[id]/page.tsx(635,134): error TS1382: Unexpected token. Did you mean `{'>'}` or `&gt;`?
app/audit/findings/[id]/page.tsx(637,27): error TS17002: Expected corresponding JSX closing tag for 'Tooltip'.
app/audit/findings/[id]/page.tsx(638,3): error TS17002: Expected corresponding JSX closing tag for 'div'.
app/audit/findings/[id]/page.tsx(763,15): error TS17015: Expected corresponding closing tag for JSX fragment.
app/audit/findings/[id]/page.tsx(978,9): error TS1128: Declaration or statement expected.
app/audit/findings/[id]/page.tsx(978,11): error TS1109: Expression expected.
app/audit/findings/[id]/page.tsx(979,5): error TS1109: Expression expected.
app/audit/plan/[id]/page.tsx(320,150): error TS1382: Unexpected token. Did you mean `{'>'}` or `&gt;`?
app/audit/plan/[id]/page.tsx(322,23): error TS17002: Expected corresponding JSX closing tag for 'Tooltip'.
app/audit/plan/[id]/page.tsx(323,3): error TS17002: Expected corresponding JSX closing tag for 'div'.
app/audit/plan/[id]/page.tsx(325,156): error TS1382: Unexpected token. Did you mean `{'>'}` or `&gt;`?
app/audit/plan/[id]/page.tsx(327,23): error TS17002: Expected corresponding JSX closing tag for 'Tooltip'.
app/audit/plan/[id]/page.tsx(328,3): error TS17002: Expected corresponding JSX closing tag for 'div'.
app/audit/plan/[id]/page.tsx(330,13): error TS1005: ')' expected.
app/audit/plan/[id]/page.tsx(601,9): error TS1128: Declaration or statement expected.
app/audit/plan/[id]/page.tsx(602,5): error TS1109: Expression expected.
