src/audit/audit-staff.service.ts(157,19): error TS2339: Property 'isAdmin' does not exist on type 'AuditStaffService'.
src/audit/audit-staff.service.ts(157,44): error TS2304: Cannot find name 'ForbiddenException'.
src/audit/audit-staff.service.ts(160,31): error TS2304: Cannot find name 'NotFoundException'.
src/audit/audit-staff.service.ts(243,19): error TS2339: Property 'isAdmin' does not exist on type 'AuditStaffService'.
src/audit/audit-staff.service.ts(243,44): error TS2304: Cannot find name 'ForbiddenException'.
src/audit/audit-staff.service.ts(246,31): error TS2304: Cannot find name 'NotFoundException'.
src/audit/audit-staff.service.ts(292,31): error TS2304: Cannot find name 'NotFoundException'.
src/audit/audit-staff.service.ts(294,19): error TS2339: Property 'isAdmin' does not exist on type 'AuditStaffService'.
src/audit/audit-staff.service.ts(294,44): error TS2304: Cannot find name 'ForbiddenException'.
src/audit/audit-staff.service.ts(327,31): error TS2304: Cannot find name 'NotFoundException'.
src/audit/audit-staff.service.ts(328,19): error TS2339: Property 'isAdmin' does not exist on type 'AuditStaffService'.
src/audit/audit-staff.service.ts(328,44): error TS2304: Cannot find name 'ForbiddenException'.
src/audit/audit-staff.service.ts(362,31): error TS2304: Cannot find name 'NotFoundException'.
src/audit/audit-staff.service.ts(464,19): error TS2339: Property 'isAdmin' does not exist on type 'AuditStaffService'.
src/audit/audit-staff.service.ts(464,66): error TS2304: Cannot find name 'ForbiddenException'.
src/audit/audit-staff.service.ts(497,29): error TS2304: Cannot find name 'NotFoundException'.
src/audit/audit-staff.service.ts(498,19): error TS2339: Property 'isAdmin' does not exist on type 'AuditStaffService'.
src/audit/audit-staff.service.ts(498,70): error TS2304: Cannot find name 'ForbiddenException'.
src/audit/audit-staff.service.ts(532,29): error TS2304: Cannot find name 'NotFoundException'.
src/audit/audit-staff.service.ts(533,19): error TS2339: Property 'isAdmin' does not exist on type 'AuditStaffService'.
src/audit/audit-staff.service.ts(533,70): error TS2304: Cannot find name 'ForbiddenException'.
src/audit/audit-staff.service.ts(552,19): error TS2339: Property 'isAdmin' does not exist on type 'AuditStaffService'.
src/audit/audit-staff.service.ts(552,66): error TS2304: Cannot find name 'ForbiddenException'.
src/audit/audit-staff.service.ts(584,29): error TS2304: Cannot find name 'NotFoundException'.
src/audit/audit-staff.service.ts(585,19): error TS2339: Property 'isAdmin' does not exist on type 'AuditStaffService'.
src/audit/audit-staff.service.ts(585,70): error TS2304: Cannot find name 'ForbiddenException'.
src/audit/audit-staff.service.ts(618,29): error TS2304: Cannot find name 'NotFoundException'.
src/audit/audit-staff.service.ts(619,19): error TS2339: Property 'isAdmin' does not exist on type 'AuditStaffService'.
src/audit/audit-staff.service.ts(619,70): error TS2304: Cannot find name 'ForbiddenException'.
src/audit/audit-staff.service.ts(726,27): error TS2304: Cannot find name 'path'.
src/audit/audit-staff.service.ts(728,14): error TS2304: Cannot find name 'fs'.
src/audit/audit-staff.service.ts(728,40): error TS2304: Cannot find name 'fs'.
src/audit/audit-staff.service.ts(730,28): error TS2304: Cannot find name 'path'.
src/audit/audit-staff.service.ts(731,9): error TS2304: Cannot find name 'fs'.
src/audit/audit.controller.ts(226,34): error TS2339: Property 'getStaff' does not exist on type 'AuditService'.
src/audit/audit.controller.ts(232,34): error TS2339: Property 'createStaff' does not exist on type 'AuditService'.
src/audit/audit.controller.ts(244,34): error TS2339: Property 'updateStaff' does not exist on type 'AuditService'.
src/audit/audit.controller.ts(250,34): error TS2339: Property 'addStaffPromotion' does not exist on type 'AuditService'.
src/audit/audit.controller.ts(256,34): error TS2339: Property 'updateStaffPromotion' does not exist on type 'AuditService'.
src/audit/audit.controller.ts(262,34): error TS2339: Property 'deleteStaffPromotion' does not exist on type 'AuditService'.
src/audit/audit.controller.ts(268,34): error TS2339: Property 'deleteStaff' does not exist on type 'AuditService'.
src/audit/audit.controller.ts(275,34): error TS2339: Property 'uploadStaffPhoto' does not exist on type 'AuditService'.
src/audit/audit.controller.ts(542,79): error TS2339: Property 'getStaffProfile' does not exist on type 'AuditService'.
src/audit/audit.controller.ts(548,34): error TS2339: Property 'addStaffTraining' does not exist on type 'AuditService'.
src/audit/audit.controller.ts(554,34): error TS2339: Property 'updateStaffTraining' does not exist on type 'AuditService'.
src/audit/audit.controller.ts(560,34): error TS2339: Property 'deleteStaffTraining' does not exist on type 'AuditService'.
src/audit/audit.controller.ts(578,34): error TS2339: Property 'addStaffExperience' does not exist on type 'AuditService'.
src/audit/audit.controller.ts(583,34): error TS2339: Property 'updateStaffExperience' does not exist on type 'AuditService'.
src/audit/audit.controller.ts(588,34): error TS2339: Property 'deleteStaffExperience' does not exist on type 'AuditService'.
src/audit/audit.controller.ts(594,34): error TS2339: Property 'addStaffEducation' does not exist on type 'AuditService'.
src/audit/audit.controller.ts(599,34): error TS2551: Property 'updateStaffEducation' does not exist on type 'AuditService'. Did you mean 'updateEducation'?
src/audit/audit.controller.ts(604,34): error TS2551: Property 'deleteStaffEducation' does not exist on type 'AuditService'. Did you mean 'deleteEducation'?
src/audit/audit.service.spec.ts(82,42): error TS2339: Property 'getStaff' does not exist on type 'AuditService'.
src/audit/audit.service.spec.ts(89,27): error TS2339: Property 'createStaff' does not exist on type 'AuditService'.
src/audit/audit.service.spec.ts(96,27): error TS2339: Property 'updateStaff' does not exist on type 'AuditService'.
src/audit/audit.service.spec.ts(103,42): error TS2339: Property 'addStaffPromotion' does not exist on type 'AuditService'.
src/audit/audit.service.spec.ts(109,42): error TS2339: Property 'addStaffTraining' does not exist on type 'AuditService'.
src/audit/audit.service.spec.ts(115,42): error TS2339: Property 'addStaffExperience' does not exist on type 'AuditService'.
src/audit/audit.service.spec.ts(122,42): error TS2339: Property 'deleteStaff' does not exist on type 'AuditService'.
