src/audit/audit-staff.service.ts(141,74): error TS2304: Cannot find name 'user'.
src/audit/audit-staff.service.ts(141,97): error TS2304: Cannot find name 'user'.
src/audit/audit-staff.service.ts(663,99): error TS2339: Property 'ipAddress' does not exist on type '{ id: string; title: string; department: string; isDeleted: boolean; deletedAt: Date; deletionReason: string; username: string; email: string; passwordHash: string; displayName: string; isActive: boolean; ... 13 more ...; jobDescription: string; }'.
src/audit/audit-staff.service.ts(716,66): error TS2304: Cannot find name 'user'.
src/audit/audit-staff.service.ts(716,89): error TS2304: Cannot find name 'user'.
src/audit/escalation.service.ts(83,78): error TS2304: Cannot find name 'user'.
src/audit/escalation.service.ts(83,101): error TS2304: Cannot find name 'user'.
src/audit/sampling.service.ts(713,66): error TS2304: Cannot find name 'user'.
src/audit/sampling.service.ts(713,89): error TS2304: Cannot find name 'user'.
src/audit/timesheet.service.ts(65,66): error TS2304: Cannot find name 'user'.
src/audit/timesheet.service.ts(65,89): error TS2304: Cannot find name 'user'.
src/audit/timesheet.service.ts(100,66): error TS2304: Cannot find name 'user'.
src/audit/timesheet.service.ts(100,89): error TS2304: Cannot find name 'user'.
src/audit/timesheet.service.ts(129,66): error TS2304: Cannot find name 'user'.
src/audit/timesheet.service.ts(129,89): error TS2304: Cannot find name 'user'.
src/audit/timesheet.service.ts(170,70): error TS2304: Cannot find name 'user'.
src/audit/timesheet.service.ts(170,93): error TS2304: Cannot find name 'user'.
src/audit/timesheet.service.ts(202,70): error TS2304: Cannot find name 'user'.
src/audit/timesheet.service.ts(202,93): error TS2304: Cannot find name 'user'.
src/audit/timesheet.service.ts(230,66): error TS2304: Cannot find name 'user'.
src/audit/timesheet.service.ts(230,89): error TS2304: Cannot find name 'user'.
