
SUITE: C:\Users\sk36\.gemini\antigravity\scratch\icsistemler-platformu\backend\src\auth\auth.service.spec.ts
 - TEST: Geçersiz şifre girildiğinde giriş denemesini kaydedip UnauthorizedException fırlatmalı
   ERR: Error: [2mexpect([22m[31mjest.fn()[39m[2m).[22mtoHaveBeenCalledWith[2m([22m[32m...expected[39m[2m)[22m  Expected: [32m{"failedLoginAttempts": 0, "id": "1", "isActive": true, "isAdUser": false, "passwordHash": "hashed_password", "roles": [], "username": "testuser"}[39m
 - TEST: Maksimum oturum sınırına ulaşıldığında en eski oturum silinmeli ve login işlemi başarılı olmalı
   ERR: Error: [2mexpect([22m[31mjest.fn()[39m[2m).[22mtoHaveBeenCalledWith[2m([22m[32m...expected[39m[2m)[22m  Expected: [32m"1"[39m
 - TEST: Başarılı girişte sayaç sıfırlanmalı, tokenlar dönmeli ve son giriş tarihi güncellenmeli
   ERR: Error: [2mexpect([22m[31mjest.fn()[39m[2m).[22mtoHaveBeenCalledWith[2m([22m[32m...expected[39m[2m)[22m  Expected: [32m"1"[39m
 - TEST: Geçerli refresh token gönderildiğinde yeni tokenlar oluşturulmalı ve eski token silinmeli
   ERR: Error: [2mexpect([22m[31mreceived[39m[2m).[22mtoBe[2m([22m[32mexpected[39m[2m) // Object.is equality[22m  Expected: [32m"new_refresh_token"[39m
