src/audit/sampling.service.ts(284,34): error TS2304: Cannot find name 'mockColumns'.
src/audit/sampling.service.ts(285,21): error TS2304: Cannot find name 'columnTypes'.
src/audit/sampling.service.ts(287,22): error TS2304: Cannot find name 'mockColumns'.
src/audit/sampling.service.ts(287,44): error TS2304: Cannot find name 'columnTypes'.
src/documents/documents.module.ts(5,26): error TS2307: Cannot find module '../ai/ai.module' or its corresponding type declarations.
src/documents/documents.service.ts(3,48): error TS2307: Cannot find module '../ai/chromadb.service' or its corresponding type declarations.
src/documents/documents.service.ts(4,39): error TS2307: Cannot find module '../ai/document-parser.service' or its corresponding type declarations.
